// Jest Snapshot v1, https://goo.gl/fbAQLP

exports[`PageContent renders correct 1`] = `
<div>
  Page content
</div>
`;
