// Jest Snapshot v1, https://goo.gl/fbAQLP

exports[`TableColumn renders correct 1`] = `
<div>
  Table column
</div>
`;
