// Jest Snapshot v1, https://goo.gl/fbAQLP

exports[`Table renders properly 1`] = `
<div>
  <h1 />
  <div
    className="table-header"
  />
  <div
    className="table-body"
  />
  <div
    className="table-footer"
  />
</div>
`;
