// Jest Snapshot v1, https://goo.gl/fbAQLP

exports[`PageFooter renders correct 1`] = `
<div>
  Page footer
</div>
`;
